---
source: src/tui/panels.rs
expression: h.terminal.backend()
---
"┌ rchess ──────────────────────────────────────────────────┐"
"│  New game · Computer:  Jev   Laya                        │"
"│  > 1. Human vs Human                                     │"
"│    2. Human vs Jev (off): play White                     │"
"│    3. Human vs Jev (off): play Black                     │"
"│    4. Human vs Jev (off): random side                    │"
"│    5. Jev (off) vs Jev (off) (watch)                     │"
"│    6. Laya (off) vs Laya (off) (watch)                   │"
"│    7. Jev (off) (White) vs Laya (off) (watch)            │"
"│    8. Laya (off) (White) vs Jev (off) (watch)            │"
"│    9. Load FEN                                           │"
"│       Quit                                               │"
"│                                                          │"
"│  No JEV_API_KEY — local search                           │"
"│  No LAYA_URL — local search                              │"
"│  ! warning 1: something at start-up was not as expected  │"
"│  +5 more warnings                                        │"
"│                                                          │"
"│  jk choose · Tab computer · 1-9 start · q quit           │"
"└──────────────────────────────────────────────────────────┘"
