---
source: src/tui/panels.rs
expression: h.terminal.backend()
---
"                                                  "
"                                                  "
"                                                  "
"                                                  "
"                                                  "
"          Terminal too small (need 60×20)         "
"                                                  "
"                                                  "
"                                                  "
"                                                  "
"                                                  "
"                                                  "
