---
source: src/tui/panels.rs
expression: h.terminal.backend()
---
"     ┌ Board ────────────────────────────────────────────────────┐┌ Status ────────────────── You (Black) vs Jev ┐      "
"     │                                                           ││ White to move (Jev)                          │      "
"     │                                                           ││ | Jev thinking... 0.0s                       │      "
"     │                                                           ││                                              │      "
"     │                                                           ││                                              │      "
"     │                                                           │├ Jev ─────────────────────────────────────────┤      "
"     │                                                           ││ Jev ready (jev-test)                         │      "
"     │ 1   ♜      ♞      ♝      ♚      ♛      ♝      ♞      ♜    ││ no move yet                                  │      "
"     │                                                           ││                                              │      "
"     │                                                           │├ Moves ───────────────────────────────────────┤      "
"     │ 2   ♟︎      ♟︎      ♟︎      ♟︎      ♟︎      ♟︎      ♟︎      ♟︎    ││ no moves yet                                 │      "
"     │                                                           ││                                              │      "
"     │                                                           ││                                              │      "
"     │ 3                                                         ││                                              │      "
"     │                                                           ││                                              │      "
"     │                                                           ││                                              │      "
"     │ 4                                                         ││                                              │      "
"     │                                                           ││                                              │      "
"     │                                                           ││                                              │      "
"     │ 5                                                         ││                                              │      "
"     │                                                           ││                                              │      "
"     │                                                           ││                                              │      "
"     │ 6                                                         ││                                              │      "
"     │                                                           ││                                              │      "
"     │                                                           ││                                              │      "
"     │ 7   ♟︎      ♟︎      ♟︎      ♟︎      ♟︎      ♟︎      ♟︎      ♟︎    ││                                              │      "
"     │                                                           ││                                              │      "
"     │                                                           ││                                              │      "
"     │ 8   ♜      ♞      ♝      ♚      ♛      ♝      ♞      ♜    ││                                              │      "
"     │                                                           ││                                              │      "
"     │     h      g      f      e      d      c      b      a    ││                                              │      "
"     │                                                           ││                                              │      "
"     │                                                           ││                                              │      "
"     │                                                           ││                                              │      "
"     │                                                           ││                                              │      "
"     │                                                           ││                                              │      "
"     └───────────────────────────────────────────────────────────┘├ Captured ────────────────────────────────────┤      "
"     ┌ Command ──────────────────────────────────────────────────┐│ White                                        │      "
"     │ / move  : command  ? help                                 ││ Black                                        │      "
"     └───────────────────────────────────────────────────────────┘└──────────────────────────────────────────────┘      "
