---
source: src/tui/panels.rs
expression: h.terminal.backend()
---
"                                                                                "
"                                                                                "
"          ┌ rchess ──────────────────────────────────────────────────┐          "
"          │  New game                                                │          "
"          │                                                          │          "
"          │  > 1. Human vs Human                                     │          "
"          │    2. Human vs Local search: play White                  │          "
"          │    3. Human vs Local search: play Black                  │          "
"          │    4. Human vs Local search: random side                 │          "
"          │    5. Local search vs Local search (watch)               │          "
"          │    6. Load FEN                                           │          "
"          │    7. Quit                                               │          "
"          │                                                          │          "
"          │  Two players take turns at this keyboard.                │          "
"          │                                                          │          "
"          │  No JEV_API_KEY — local search                           │          "
"          │  ! JEV_TIMEOUT_MS is not a number; using 20000           │          "
"          │  ! --glyphs: unknown glyph set "fancy" (expected image,  │          "
"          │    solid, outline or ascii); using solid                 │          "
"          │                                                          │          "
"          │  arrows/jk choose · Enter/1-7 start · q quit             │          "
"          └──────────────────────────────────────────────────────────┘          "
"                                                                                "
"                                                                                "
