---
source: src/tui/panels.rs
expression: h.terminal.backend()
---
"┌ rchess ──────────────────────────────────────────────────┐"
"│  New game · Computer:  Jev   Laya                        │"
"│  > 1. Human vs Human                                     │"
"│    2. Human vs Local search: play White                  │"
"│    3. Human vs Local search: play Black                  │"
"│    4. Human vs Local search: random side                 │"
"│    5. Local search vs Local search (watch)               │"
"│    6. Local search vs Local search (watch)               │"
"│    7. Local search (White) vs Local search (watch)       │"
"│    8. Local search (White) vs Local search (watch)       │"
"│    9. Load FEN                                           │"
"│       Quit                                               │"
"│                                                          │"
"│  No JEV_API_KEY — local search                           │"
"│  No LAYA_URL — local search                              │"
"│  ! warning 1: something at start-up was not as expected  │"
"│  +5 more warnings                                        │"
"│                                                          │"
"│  jk choose · Tab computer · 1-9 start · q quit           │"
"└──────────────────────────────────────────────────────────┘"
