---
source: src/tui/panels.rs
expression: h.terminal.backend()
---
"┌ Board ────────────────────────────────────┐┌ Status ───────── Human vs Human ┐"
"│                                           ││ White to move                   │"
"│ 8  ♜    ♞    ♝    ♛    ♚    ♝    ♞    ♜   ││                                 │"
"│                                           ││                                 │"
"│ 7  ♟︎    ♟︎    ♟︎    ♟︎    ♟︎    ♟︎    ♟︎    ♟︎   ││                                 │"
"│                                           │├ Moves ──────────────────────────┤"
"│ 6                                         ││ no moves yet                    │"
"│                                           ││                                 │"
"│ 5                                         ││                                 │"
"│           ┌ Quit ────────────────────────────────────────────────┐           │"
"│ 4         │ Quit the game in progress?                           │           │"
"│           │                                                      │           │"
"│ 3         │                   [ Yes ]  [ No ]                    │           │"
"│           └──────────────────────────────────────────────────────┘           │"
"│ 2  ♟︎    ♟︎    ♟︎    ♟︎    ♟︎    ♟︎    ♟︎    ♟︎   ││                                 │"
"│                                           ││                                 │"
"│ 1  ♜    ♞    ♝    ♛    ♚    ♝    ♞    ♜   ││                                 │"
"│                                           ││                                 │"
"│    a    b    c    d    e    f    g    h   ││                                 │"
"│                                           ││                                 │"
"└───────────────────────────────────────────┘├ Captured ───────────────────────┤"
"┌ Command ──────────────────────────────────┐│ White                           │"
"│ / move  : command  ? help                 ││ Black                           │"
"└───────────────────────────────────────────┘└─────────────────────────────────┘"
